GNU bash, version 4.4.20(1)-release (x86_64-pc-linux-gnu)
gcc -g p6original.c
 ./a.out
Enter the number
4
Sum is 10  
 gdb a.out
bGNU gdb (Ubuntu 8.1.1-0ubuntu1) 8.1.1
Copyright (C) 2018 Free Software Foundation, Inc.
License GPLv3+: GNU GPL version 3 or later <http://gnu.org/licenses/gpl.html>
This is free software: you are free to change and redistribute it.
There is NO WARRANTY, to the extent permitted by law.  Type "show copying"
and "show warranty" for details.
This GDB was configured as "x86_64-linux-gnu".
Type "show configuration" for configuration details.
For bug reporting instructions, please see:
<http://www.gnu.org/software/gdb/bugs/>.
Find the GDB manual and other documentation resources online at:
<http://www.gnu.org/software/gdb/documentation/>.
For help, type "help".
Type "apropos word" to search for commands related to "word"...
Reading symbols from a.out...done.
(gdb) b main
Breakpoint 1 at 0x7d0: file p6original.c, line 27.
(gdb) r
Starting program: /home/runner/pps-test1-Ajayv122-16/a.out 
warning: Error disabling address space randomization: Operation not permitted
n
Breakpoint 1, main () at p6original.c:27
27    n = input();
(gdb) n
Enter the number
4
28    su = sum(n);
(gdb) n
29    output(n,su);
(gdb) n
30    return 0;
(gdb) c
Continuing.
Sum is 10 [Inferior 1 (process 234) exited normally]
(gdb) 